2025-12-14 21:40:25 - Talento Tech Automation - INFO - URL antes del login: https://www.saucedemo.com/
2025-12-14 21:40:25 - Talento Tech Automation - INFO - URL después del login: https://www.saucedemo.com/inventory.html
2025-12-14 21:40:25 - Talento Tech Automation - INFO - Producto a agregar al carrito (desde JSON): Sauce Labs Backpack
2025-12-14 21:40:25 - Talento Tech Automation - INFO - Abriendo carrito de compras
2025-12-14 21:40:25 - Talento Tech Automation - INFO - Inicializando CartPage
2025-12-14 21:40:25 - Talento Tech Automation - INFO - Producto validado correctamente en el carrito
2025-12-14 21:40:30 - Talento Tech Automation - INFO - URL antes del login: https://www.saucedemo.com/
2025-12-14 21:40:30 - Talento Tech Automation - INFO - URL después del login: https://www.saucedemo.com/inventory.html
2025-12-14 21:40:30 - Talento Tech Automation - INFO - Producto a agregar al carrito (desde JSON): Sauce Labs Bike Light
2025-12-14 21:40:30 - Talento Tech Automation - INFO - Abriendo carrito de compras
2025-12-14 21:40:30 - Talento Tech Automation - INFO - Inicializando CartPage
2025-12-14 21:40:30 - Talento Tech Automation - INFO - Producto validado correctamente en el carrito
2025-12-14 21:40:34 - Talento Tech Automation - INFO - URL antes del login: https://www.saucedemo.com/
2025-12-14 21:40:34 - Talento Tech Automation - INFO - URL después del login: https://www.saucedemo.com/inventory.html
2025-12-14 21:40:34 - Talento Tech Automation - INFO - Producto a agregar al carrito (desde JSON): Sauce Labs Bolt T-Shirt
2025-12-14 21:40:35 - Talento Tech Automation - INFO - Abriendo carrito de compras
2025-12-14 21:40:35 - Talento Tech Automation - INFO - Inicializando CartPage
2025-12-14 21:40:35 - Talento Tech Automation - INFO - Producto validado correctamente en el carrito
2025-12-14 21:41:42 - Talento Tech Automation - INFO - URL actual antes del login: https://www.saucedemo.com/
2025-12-14 21:41:42 - Talento Tech Automation - INFO - URL despues del login: https://www.saucedemo.com/inventory.html
2025-12-14 21:41:42 - Talento Tech Automation - INFO - Página de inventario cargada
2025-12-14 21:41:52 - Talento Tech Automation - INFO - Carrito inicialmente vacío validado
2025-12-14 21:41:52 - Talento Tech Automation - INFO - Agregando un producto al carrito
